{"timestamp": "2026-09-15T19:18:12+0530", "level": "INFO", "logger": "__main__", "message": "indexing_started", "taskName": null, "chunks_root": "data/processed/chunks/ZCompanyLLC", "embedding_model": "BAAI/bge-small-en-v1.5", "vector_store": "chroma", "collection": "zcompany_hr_chunks"}
{"timestamp": "2026-09-15T19:18:12+0530", "level": "INFO", "logger": "__main__", "message": "chunks_loaded", "taskName": null, "chunks": 88}
{"timestamp": "2026-09-15T19:18:19+0530", "level": "INFO", "logger": "__main__", "message": "indexing_completed", "taskName": null, "chunks_received": 88, "chunks_indexed": 88, "embedding_model": "BAAI/bge-small-en-v1.5", "duration_seconds": 0.2105}
{"timestamp": "2026-09-15T19:18:35+0530", "level": "INFO", "logger": "__main__", "message": "indexing_started", "taskName": null, "chunks_root": "data/processed/chunks/ZCompanyLLC", "embedding_model": "BAAI/bge-small-en-v1.5", "vector_store": "chroma", "collection": "zcompany_hr_chunks"}
{"timestamp": "2026-09-15T19:18:35+0530", "level": "INFO", "logger": "__main__", "message": "chunks_loaded", "taskName": null, "chunks": 88}
{"timestamp": "2026-09-15T19:18:41+0530", "level": "INFO", "logger": "__main__", "message": "indexing_completed", "taskName": null, "chunks_received": 88, "chunks_indexed": 88, "embedding_model": "BAAI/bge-small-en-v1.5", "duration_seconds": 0.2105}
{"timestamp": "2026-09-15T20:07:16+0530", "level": "INFO", "logger": "__main__", "message": "indexing_started", "taskName": null, "rebuild": false}
{"timestamp": "2026-09-15T20:07:22+0530", "level": "INFO", "logger": "__main__", "message": "chunks_loading_started", "taskName": null, "files": 85, "chunks_root": "/Users/kashyaprajpurohit/myGitHubRepos/kr-ai-workshop/rag-platform/data/processed/chunks/ZCompanyLLC"}
{"timestamp": "2026-09-15T20:07:22+0530", "level": "INFO", "logger": "__main__", "message": "chunks_loaded", "taskName": null, "documents": 85, "chunks": 88}
{"timestamp": "2026-09-15T20:07:24+0530", "level": "INFO", "logger": "__main__", "message": "indexing_manifest_saved", "taskName": null, "manifest_path": "/Users/kashyaprajpurohit/myGitHubRepos/kr-ai-workshop/rag-platform/data/processed/vector_store/ZCompanyLLC/index_manifest.json", "documents": 85}
{"timestamp": "2026-09-15T20:10:37+0530", "level": "INFO", "logger": "__main__", "message": "indexing_started", "taskName": null, "rebuild": false}
{"timestamp": "2026-09-15T20:10:43+0530", "level": "INFO", "logger": "__main__", "message": "chunks_loading_started", "taskName": null, "files": 85, "chunks_root": "/Users/kashyaprajpurohit/myGitHubRepos/kr-ai-workshop/rag-platform/data/processed/chunks/ZCompanyLLC"}
{"timestamp": "2026-09-15T20:10:43+0530", "level": "INFO", "logger": "__main__", "message": "chunks_loaded", "taskName": null, "documents": 85, "chunks": 88}
{"timestamp": "2026-09-15T20:10:43+0530", "level": "INFO", "logger": "__main__", "message": "indexing_manifest_saved", "taskName": null, "manifest_path": "/Users/kashyaprajpurohit/myGitHubRepos/kr-ai-workshop/rag-platform/data/processed/vector_store/ZCompanyLLC/index_manifest.json", "documents": 85}
{"timestamp": "2026-09-15T20:22:18+0530", "level": "INFO", "logger": "__main__", "message": "indexing_started", "taskName": null, "rebuild": false}
{"timestamp": "2026-09-15T20:22:24+0530", "level": "INFO", "logger": "__main__", "message": "chunks_loading_started", "taskName": null, "files": 85, "chunks_root": "/Users/kashyaprajpurohit/myGitHubRepos/kr-ai-workshop/rag-platform/data/processed/chunks/ZCompanyLLC"}
{"timestamp": "2026-09-15T20:22:24+0530", "level": "INFO", "logger": "__main__", "message": "chunks_loaded", "taskName": null, "documents": 85, "chunks": 88}
{"timestamp": "2026-09-15T20:22:24+0530", "level": "INFO", "logger": "__main__", "message": "indexing_manifest_saved", "taskName": null, "manifest_path": "/Users/kashyaprajpurohit/myGitHubRepos/kr-ai-workshop/rag-platform/data/processed/vector_store/ZCompanyLLC/index_manifest.json", "documents": 85}
{"timestamp": "2026-09-15T20:39:40+0530", "level": "INFO", "logger": "__main__", "message": "indexing_started", "taskName": null, "rebuild": false}
{"timestamp": "2026-09-15T20:39:46+0530", "level": "INFO", "logger": "__main__", "message": "chunks_loading_started", "taskName": null, "files": 85, "chunks_root": "/Users/kashyaprajpurohit/myGitHubRepos/kr-ai-workshop/rag-platform/data/processed/chunks/ZCompanyLLC"}
{"timestamp": "2026-09-15T20:39:46+0530", "level": "INFO", "logger": "__main__", "message": "chunks_loaded", "taskName": null, "documents": 85, "chunks": 88}
{"timestamp": "2026-09-15T20:39:46+0530", "level": "INFO", "logger": "__main__", "message": "indexing_manifest_saved", "taskName": null, "manifest_path": "/Users/kashyaprajpurohit/myGitHubRepos/kr-ai-workshop/rag-platform/data/processed/vector_store/ZCompanyLLC/index_manifest.json", "documents": 85}
{"timestamp": "2026-09-15T20:39:49+0530", "level": "INFO", "logger": "__main__", "message": "indexing_started", "taskName": null, "rebuild": false}
{"timestamp": "2026-09-15T20:39:54+0530", "level": "INFO", "logger": "__main__", "message": "chunks_loading_started", "taskName": null, "files": 85, "chunks_root": "/Users/kashyaprajpurohit/myGitHubRepos/kr-ai-workshop/rag-platform/data/processed/chunks/ZCompanyLLC"}
{"timestamp": "2026-09-15T20:39:54+0530", "level": "INFO", "logger": "__main__", "message": "chunks_loaded", "taskName": null, "documents": 85, "chunks": 88}
{"timestamp": "2026-09-15T20:39:55+0530", "level": "INFO", "logger": "__main__", "message": "indexing_manifest_saved", "taskName": null, "manifest_path": "/Users/kashyaprajpurohit/myGitHubRepos/kr-ai-workshop/rag-platform/data/processed/vector_store/ZCompanyLLC/index_manifest.json", "documents": 85}
{"timestamp": "2026-09-15T20:39:57+0530", "level": "INFO", "logger": "__main__", "message": "indexing_started", "taskName": null, "rebuild": false}
{"timestamp": "2026-09-15T20:40:03+0530", "level": "INFO", "logger": "__main__", "message": "chunks_loading_started", "taskName": null, "files": 84, "chunks_root": "/Users/kashyaprajpurohit/myGitHubRepos/kr-ai-workshop/rag-platform/data/processed/chunks/ZCompanyLLC"}
{"timestamp": "2026-09-15T20:40:03+0530", "level": "INFO", "logger": "__main__", "message": "chunks_loaded", "taskName": null, "documents": 84, "chunks": 87}
{"timestamp": "2026-09-15T20:40:03+0530", "level": "INFO", "logger": "__main__", "message": "indexing_manifest_saved", "taskName": null, "manifest_path": "/Users/kashyaprajpurohit/myGitHubRepos/kr-ai-workshop/rag-platform/data/processed/vector_store/ZCompanyLLC/index_manifest.json", "documents": 84}
{"timestamp": "2026-09-15T20:40:06+0530", "level": "INFO", "logger": "__main__", "message": "indexing_started", "taskName": null, "rebuild": false}
{"timestamp": "2026-09-15T20:40:12+0530", "level": "INFO", "logger": "__main__", "message": "chunks_loading_started", "taskName": null, "files": 85, "chunks_root": "/Users/kashyaprajpurohit/myGitHubRepos/kr-ai-workshop/rag-platform/data/processed/chunks/ZCompanyLLC"}
{"timestamp": "2026-09-15T20:40:12+0530", "level": "INFO", "logger": "__main__", "message": "chunks_loaded", "taskName": null, "documents": 85, "chunks": 88}
{"timestamp": "2026-09-15T20:40:12+0530", "level": "INFO", "logger": "__main__", "message": "indexing_manifest_saved", "taskName": null, "manifest_path": "/Users/kashyaprajpurohit/myGitHubRepos/kr-ai-workshop/rag-platform/data/processed/vector_store/ZCompanyLLC/index_manifest.json", "documents": 85}
{"timestamp": "2026-09-15T20:40:15+0530", "level": "INFO", "logger": "__main__", "message": "indexing_started", "taskName": null, "rebuild": true}
{"timestamp": "2026-09-15T20:40:20+0530", "level": "INFO", "logger": "__main__", "message": "full_index_rebuild_started", "taskName": null, "manifest_path": "/Users/kashyaprajpurohit/myGitHubRepos/kr-ai-workshop/rag-platform/data/processed/vector_store/ZCompanyLLC/index_manifest.json"}
{"timestamp": "2026-09-15T20:40:20+0530", "level": "INFO", "logger": "__main__", "message": "chunks_loading_started", "taskName": null, "files": 85, "chunks_root": "/Users/kashyaprajpurohit/myGitHubRepos/kr-ai-workshop/rag-platform/data/processed/chunks/ZCompanyLLC"}
{"timestamp": "2026-09-15T20:40:20+0530", "level": "INFO", "logger": "__main__", "message": "chunks_loaded", "taskName": null, "documents": 85, "chunks": 88}
{"timestamp": "2026-09-15T20:40:21+0530", "level": "INFO", "logger": "__main__", "message": "indexing_manifest_saved", "taskName": null, "manifest_path": "/Users/kashyaprajpurohit/myGitHubRepos/kr-ai-workshop/rag-platform/data/processed/vector_store/ZCompanyLLC/index_manifest.json", "documents": 85}
{"timestamp": "2026-09-15T20:57:49+0530", "level": "INFO", "logger": "__main__", "message": "index_integrity_check_started", "taskName": null, "manifest_path": "/Users/kashyaprajpurohit/myGitHubRepos/kr-ai-workshop/rag-platform/data/processed/vector_store/ZCompanyLLC/index_manifest.json", "vector_store": "/Users/kashyaprajpurohit/myGitHubRepos/kr-ai-workshop/rag-platform/data/processed/vector_store/ZCompanyLLC", "collection": "zcompany_hr_chunks"}
{"timestamp": "2026-09-15T20:57:50+0530", "level": "INFO", "logger": "__main__", "message": "index_integrity_check_completed", "taskName": null, "documents": 85, "manifest_chunks": 88, "vector_store_chunks": 88, "missing_chunks": 0, "orphan_chunks": 0, "duplicate_manifest_chunks": 0}
{"timestamp": "2026-09-18T19:13:04+0530", "level": "INFO", "logger": "__main__", "message": "indexing_started", "taskName": null, "rebuild": true}
{"timestamp": "2026-09-18T19:13:10+0530", "level": "INFO", "logger": "__main__", "message": "full_index_rebuild_started", "taskName": null, "manifest_path": "/Users/kashyaprajpurohit/myGitHubRepos/kr-ai-workshop/rag-platform/data/processed/vector_store/ZCompanyLLC/index_manifest.json"}
{"timestamp": "2026-09-18T19:13:10+0530", "level": "INFO", "logger": "__main__", "message": "chunks_loading_started", "taskName": null, "files": 85, "chunks_root": "/Users/kashyaprajpurohit/myGitHubRepos/kr-ai-workshop/rag-platform/data/processed/chunks/ZCompanyLLC"}
{"timestamp": "2026-09-18T19:13:10+0530", "level": "INFO", "logger": "__main__", "message": "chunks_loaded", "taskName": null, "documents": 85, "chunks": 88}
{"timestamp": "2026-09-18T19:13:12+0530", "level": "INFO", "logger": "__main__", "message": "indexing_manifest_saved", "taskName": null, "manifest_path": "/Users/kashyaprajpurohit/myGitHubRepos/kr-ai-workshop/rag-platform/data/processed/vector_store/ZCompanyLLC/index_manifest.json", "documents": 85}
