{"timestamp": "2026-09-16T17:20:00+0530", "level": "INFO", "logger": "rag_platform.query.rule_based", "message": "query_understanding_rule_completed", "taskName": null, "query_length": 23, "intent": "policy_lookup", "entity_count": 1, "filter_count": 0, "simple_query": true}
{"timestamp": "2026-09-16T17:20:00+0530", "level": "INFO", "logger": "rag_platform.query.rule_based", "message": "query_understanding_rule_completed", "taskName": null, "query_length": 46, "intent": "policy_lookup", "entity_count": 2, "filter_count": 1, "simple_query": false}
{"timestamp": "2026-09-16T17:20:00+0530", "level": "INFO", "logger": "rag_platform.query.hybrid", "message": "query_understanding_escalating_to_llm", "taskName": null, "reason": "complex_or_ambiguous_query", "intent": "policy_lookup"}
{"timestamp": "2026-09-16T17:20:00+0530", "level": "INFO", "logger": "rag_platform.query.rule_based", "message": "query_understanding_rule_completed", "taskName": null, "query_length": 19, "intent": "general_information", "entity_count": 1, "filter_count": 1, "simple_query": true}
{"timestamp": "2026-09-16T17:20:00+0530", "level": "INFO", "logger": "rag_platform.query.hybrid", "message": "query_understanding_escalating_to_llm", "taskName": null, "reason": "complex_or_ambiguous_query", "intent": "general_information"}
{"timestamp": "2026-09-16T17:20:00+0530", "level": "INFO", "logger": "rag_platform.query.rule_based", "message": "query_understanding_rule_completed", "taskName": null, "query_length": 53, "intent": "policy_lookup", "entity_count": 2, "filter_count": 1, "simple_query": true}
{"timestamp": "2026-09-16T17:20:00+0530", "level": "INFO", "logger": "rag_platform.query.rule_based", "message": "query_understanding_rule_completed", "taskName": null, "query_length": 23, "intent": "policy_lookup", "entity_count": 1, "filter_count": 0, "simple_query": true}
{"timestamp": "2026-09-16T17:20:00+0530", "level": "INFO", "logger": "rag_platform.query.rule_based", "message": "query_understanding_rule_completed", "taskName": null, "query_length": 46, "intent": "policy_lookup", "entity_count": 2, "filter_count": 1, "simple_query": false}
{"timestamp": "2026-09-16T17:20:00+0530", "level": "INFO", "logger": "rag_platform.query.rule_based", "message": "query_understanding_rule_completed", "taskName": null, "query_length": 14, "intent": "policy_lookup", "entity_count": 1, "filter_count": 0, "simple_query": true}
{"timestamp": "2026-09-16T17:20:20+0530", "level": "INFO", "logger": "rag_platform.query.rule_based", "message": "query_understanding_rule_completed", "taskName": null, "query_length": 23, "intent": "policy_lookup", "entity_count": 1, "filter_count": 0, "simple_query": true}
{"timestamp": "2026-09-16T17:20:20+0530", "level": "INFO", "logger": "rag_platform.query.rule_based", "message": "query_understanding_rule_completed", "taskName": null, "query_length": 46, "intent": "policy_lookup", "entity_count": 2, "filter_count": 1, "simple_query": false}
{"timestamp": "2026-09-16T17:20:20+0530", "level": "INFO", "logger": "rag_platform.query.hybrid", "message": "query_understanding_escalating_to_llm", "taskName": null, "reason": "complex_or_ambiguous_query", "intent": "policy_lookup"}
{"timestamp": "2026-09-16T17:20:20+0530", "level": "INFO", "logger": "rag_platform.query.rule_based", "message": "query_understanding_rule_completed", "taskName": null, "query_length": 19, "intent": "general_information", "entity_count": 1, "filter_count": 1, "simple_query": true}
{"timestamp": "2026-09-16T17:20:20+0530", "level": "INFO", "logger": "rag_platform.query.hybrid", "message": "query_understanding_escalating_to_llm", "taskName": null, "reason": "complex_or_ambiguous_query", "intent": "general_information"}
{"timestamp": "2026-09-16T17:20:20+0530", "level": "INFO", "logger": "rag_platform.query.rule_based", "message": "query_understanding_rule_completed", "taskName": null, "query_length": 53, "intent": "policy_lookup", "entity_count": 2, "filter_count": 1, "simple_query": true}
{"timestamp": "2026-09-16T17:20:20+0530", "level": "INFO", "logger": "rag_platform.query.rule_based", "message": "query_understanding_rule_completed", "taskName": null, "query_length": 23, "intent": "policy_lookup", "entity_count": 1, "filter_count": 0, "simple_query": true}
{"timestamp": "2026-09-16T17:20:20+0530", "level": "INFO", "logger": "rag_platform.query.rule_based", "message": "query_understanding_rule_completed", "taskName": null, "query_length": 46, "intent": "policy_lookup", "entity_count": 2, "filter_count": 1, "simple_query": false}
{"timestamp": "2026-09-16T17:20:20+0530", "level": "INFO", "logger": "rag_platform.query.rule_based", "message": "query_understanding_rule_completed", "taskName": null, "query_length": 14, "intent": "policy_lookup", "entity_count": 1, "filter_count": 0, "simple_query": true}
{"timestamp": "2026-09-16T17:38:26+0530", "level": "INFO", "logger": "rag_platform.query.rule_based", "message": "query_understanding_rule_completed", "taskName": null, "query_length": 23, "intent": "policy_lookup", "entity_count": 1, "filter_count": 0, "simple_query": true}
{"timestamp": "2026-09-16T17:38:26+0530", "level": "INFO", "logger": "rag_platform.query.rule_based", "message": "query_understanding_rule_completed", "taskName": null, "query_length": 46, "intent": "policy_lookup", "entity_count": 2, "filter_count": 1, "simple_query": false}
{"timestamp": "2026-09-16T17:38:26+0530", "level": "INFO", "logger": "rag_platform.query.hybrid", "message": "query_understanding_escalating_to_llm", "taskName": null, "reason": "complex_or_ambiguous_query", "intent": "policy_lookup"}
{"timestamp": "2026-09-16T17:38:26+0530", "level": "INFO", "logger": "rag_platform.query.rule_based", "message": "query_understanding_rule_completed", "taskName": null, "query_length": 19, "intent": "general_information", "entity_count": 1, "filter_count": 1, "simple_query": true}
{"timestamp": "2026-09-16T17:38:26+0530", "level": "INFO", "logger": "rag_platform.query.hybrid", "message": "query_understanding_escalating_to_llm", "taskName": null, "reason": "complex_or_ambiguous_query", "intent": "general_information"}
{"timestamp": "2026-09-16T17:38:26+0530", "level": "INFO", "logger": "rag_platform.query.rule_based", "message": "query_understanding_rule_completed", "taskName": null, "query_length": 53, "intent": "policy_lookup", "entity_count": 2, "filter_count": 1, "simple_query": true}
{"timestamp": "2026-09-16T17:38:26+0530", "level": "INFO", "logger": "rag_platform.query.rule_based", "message": "query_understanding_rule_completed", "taskName": null, "query_length": 23, "intent": "policy_lookup", "entity_count": 1, "filter_count": 0, "simple_query": true}
{"timestamp": "2026-09-16T17:38:26+0530", "level": "INFO", "logger": "rag_platform.query.rule_based", "message": "query_understanding_rule_completed", "taskName": null, "query_length": 46, "intent": "policy_lookup", "entity_count": 2, "filter_count": 1, "simple_query": false}
{"timestamp": "2026-09-16T17:38:26+0530", "level": "INFO", "logger": "rag_platform.query.rule_based", "message": "query_understanding_rule_completed", "taskName": null, "query_length": 14, "intent": "policy_lookup", "entity_count": 1, "filter_count": 0, "simple_query": true}
{"timestamp": "2026-09-16T18:14:11+0530", "level": "INFO", "logger": "rag_platform.query.rule_based", "message": "query_understanding_rule_completed", "taskName": null, "query_length": 23, "intent": "policy_lookup", "entity_count": 1, "filter_count": 0, "simple_query": true}
{"timestamp": "2026-09-16T18:14:11+0530", "level": "INFO", "logger": "rag_platform.query.rule_based", "message": "query_understanding_rule_completed", "taskName": null, "query_length": 46, "intent": "policy_lookup", "entity_count": 2, "filter_count": 1, "simple_query": false}
{"timestamp": "2026-09-16T18:14:11+0530", "level": "INFO", "logger": "rag_platform.query.hybrid", "message": "query_understanding_escalating_to_llm", "taskName": null, "reason": "complex_or_ambiguous_query", "intent": "policy_lookup"}
{"timestamp": "2026-09-16T18:14:11+0530", "level": "INFO", "logger": "rag_platform.query.rule_based", "message": "query_understanding_rule_completed", "taskName": null, "query_length": 19, "intent": "general_information", "entity_count": 1, "filter_count": 1, "simple_query": true}
{"timestamp": "2026-09-16T18:14:11+0530", "level": "INFO", "logger": "rag_platform.query.hybrid", "message": "query_understanding_escalating_to_llm", "taskName": null, "reason": "complex_or_ambiguous_query", "intent": "general_information"}
{"timestamp": "2026-09-16T18:14:11+0530", "level": "INFO", "logger": "rag_platform.query.rule_based", "message": "query_understanding_rule_completed", "taskName": null, "query_length": 53, "intent": "policy_lookup", "entity_count": 2, "filter_count": 1, "simple_query": true}
{"timestamp": "2026-09-16T18:14:11+0530", "level": "INFO", "logger": "rag_platform.query.rule_based", "message": "query_understanding_rule_completed", "taskName": null, "query_length": 23, "intent": "policy_lookup", "entity_count": 1, "filter_count": 0, "simple_query": true}
{"timestamp": "2026-09-16T18:14:11+0530", "level": "INFO", "logger": "rag_platform.query.rule_based", "message": "query_understanding_rule_completed", "taskName": null, "query_length": 46, "intent": "policy_lookup", "entity_count": 2, "filter_count": 1, "simple_query": false}
{"timestamp": "2026-09-16T18:14:11+0530", "level": "INFO", "logger": "rag_platform.query.rule_based", "message": "query_understanding_rule_completed", "taskName": null, "query_length": 14, "intent": "policy_lookup", "entity_count": 1, "filter_count": 0, "simple_query": true}
{"timestamp": "2026-09-16T19:17:06+0530", "level": "INFO", "logger": "rag_platform.query.rule_based", "message": "query_understanding_rule_completed", "taskName": null, "query_length": 23, "intent": "policy_lookup", "entity_count": 1, "filter_count": 0, "simple_query": true}
{"timestamp": "2026-09-16T19:17:06+0530", "level": "INFO", "logger": "rag_platform.query.rule_based", "message": "query_understanding_rule_completed", "taskName": null, "query_length": 46, "intent": "policy_lookup", "entity_count": 2, "filter_count": 1, "simple_query": false}
{"timestamp": "2026-09-16T19:17:06+0530", "level": "INFO", "logger": "rag_platform.query.hybrid", "message": "query_understanding_escalating_to_llm", "taskName": null, "reason": "complex_or_ambiguous_query", "intent": "policy_lookup"}
{"timestamp": "2026-09-16T19:17:06+0530", "level": "INFO", "logger": "rag_platform.query.rule_based", "message": "query_understanding_rule_completed", "taskName": null, "query_length": 19, "intent": "general_information", "entity_count": 1, "filter_count": 1, "simple_query": true}
{"timestamp": "2026-09-16T19:17:06+0530", "level": "INFO", "logger": "rag_platform.query.hybrid", "message": "query_understanding_escalating_to_llm", "taskName": null, "reason": "complex_or_ambiguous_query", "intent": "general_information"}
{"timestamp": "2026-09-16T19:17:06+0530", "level": "INFO", "logger": "rag_platform.query.rule_based", "message": "query_understanding_rule_completed", "taskName": null, "query_length": 53, "intent": "policy_lookup", "entity_count": 2, "filter_count": 1, "simple_query": true}
{"timestamp": "2026-09-16T19:17:06+0530", "level": "INFO", "logger": "rag_platform.query.rule_based", "message": "query_understanding_rule_completed", "taskName": null, "query_length": 23, "intent": "policy_lookup", "entity_count": 1, "filter_count": 0, "simple_query": true}
{"timestamp": "2026-09-16T19:17:06+0530", "level": "INFO", "logger": "rag_platform.query.rule_based", "message": "query_understanding_rule_completed", "taskName": null, "query_length": 46, "intent": "policy_lookup", "entity_count": 2, "filter_count": 1, "simple_query": false}
{"timestamp": "2026-09-16T19:17:06+0530", "level": "INFO", "logger": "rag_platform.query.rule_based", "message": "query_understanding_rule_completed", "taskName": null, "query_length": 14, "intent": "policy_lookup", "entity_count": 1, "filter_count": 0, "simple_query": true}
{"timestamp": "2026-09-16T19:17:18+0530", "level": "INFO", "logger": "rag_platform.query.rule_based", "message": "query_understanding_rule_completed", "taskName": null, "query_length": 23, "intent": "policy_lookup", "entity_count": 1, "filter_count": 0, "simple_query": true}
{"timestamp": "2026-09-16T19:17:18+0530", "level": "INFO", "logger": "rag_platform.query.rule_based", "message": "query_understanding_rule_completed", "taskName": null, "query_length": 46, "intent": "policy_lookup", "entity_count": 2, "filter_count": 1, "simple_query": false}
{"timestamp": "2026-09-16T19:17:18+0530", "level": "INFO", "logger": "rag_platform.query.hybrid", "message": "query_understanding_escalating_to_llm", "taskName": null, "reason": "complex_or_ambiguous_query", "intent": "policy_lookup"}
{"timestamp": "2026-09-16T19:17:18+0530", "level": "INFO", "logger": "rag_platform.query.rule_based", "message": "query_understanding_rule_completed", "taskName": null, "query_length": 19, "intent": "general_information", "entity_count": 1, "filter_count": 1, "simple_query": true}
{"timestamp": "2026-09-16T19:17:18+0530", "level": "INFO", "logger": "rag_platform.query.hybrid", "message": "query_understanding_escalating_to_llm", "taskName": null, "reason": "complex_or_ambiguous_query", "intent": "general_information"}
{"timestamp": "2026-09-16T19:17:18+0530", "level": "INFO", "logger": "rag_platform.query.rule_based", "message": "query_understanding_rule_completed", "taskName": null, "query_length": 53, "intent": "policy_lookup", "entity_count": 2, "filter_count": 1, "simple_query": true}
{"timestamp": "2026-09-16T19:17:18+0530", "level": "INFO", "logger": "rag_platform.query.rule_based", "message": "query_understanding_rule_completed", "taskName": null, "query_length": 23, "intent": "policy_lookup", "entity_count": 1, "filter_count": 0, "simple_query": true}
{"timestamp": "2026-09-16T19:17:18+0530", "level": "INFO", "logger": "rag_platform.query.rule_based", "message": "query_understanding_rule_completed", "taskName": null, "query_length": 46, "intent": "policy_lookup", "entity_count": 2, "filter_count": 1, "simple_query": false}
{"timestamp": "2026-09-16T19:17:18+0530", "level": "INFO", "logger": "rag_platform.query.rule_based", "message": "query_understanding_rule_completed", "taskName": null, "query_length": 14, "intent": "policy_lookup", "entity_count": 1, "filter_count": 0, "simple_query": true}
