{"timestamp": "2026-09-16T17:20:00+0530", "level": "INFO", "logger": "rag_platform.query.service", "message": "query_understanding_selected", "taskName": null, "strategy": "rule", "intent": "policy_lookup", "entity_count": 1, "filter_count": 0, "expanded_query_count": 0, "fallback_used": false}
{"timestamp": "2026-09-16T17:20:20+0530", "level": "INFO", "logger": "rag_platform.query.service", "message": "query_understanding_selected", "taskName": null, "strategy": "rule", "intent": "policy_lookup", "entity_count": 1, "filter_count": 0, "expanded_query_count": 0, "fallback_used": false}
{"timestamp": "2026-09-16T17:38:26+0530", "level": "INFO", "logger": "rag_platform.query.service", "message": "query_understanding_selected", "taskName": null, "strategy": "rule", "intent": "policy_lookup", "entity_count": 1, "filter_count": 0, "expanded_query_count": 0, "fallback_used": false}
{"timestamp": "2026-09-16T18:14:11+0530", "level": "INFO", "logger": "rag_platform.query.service", "message": "query_understanding_selected", "taskName": null, "strategy": "rule", "intent": "policy_lookup", "entity_count": 1, "filter_count": 0, "expanded_query_count": 0, "fallback_used": false}
{"timestamp": "2026-09-16T19:17:06+0530", "level": "INFO", "logger": "rag_platform.query.service", "message": "query_understanding_selected", "taskName": null, "strategy": "rule", "intent": "policy_lookup", "entity_count": 1, "filter_count": 0, "expanded_query_count": 0, "fallback_used": false}
{"timestamp": "2026-09-16T19:17:18+0530", "level": "INFO", "logger": "rag_platform.query.service", "message": "query_understanding_selected", "taskName": null, "strategy": "rule", "intent": "policy_lookup", "entity_count": 1, "filter_count": 0, "expanded_query_count": 0, "fallback_used": false}
{"timestamp": "2026-09-18T19:50:49+0530", "level": "INFO", "logger": "rag_platform.query.service", "message": "query_understanding_selected", "taskName": null, "strategy": "rule", "intent": "policy_lookup", "entity_count": 1, "filter_count": 0, "expanded_query_count": 0, "fallback_used": false}
{"timestamp": "2026-09-18T19:51:13+0530", "level": "INFO", "logger": "rag_platform.query.service", "message": "query_understanding_selected", "taskName": null, "strategy": "rule", "intent": "policy_lookup", "entity_count": 1, "filter_count": 0, "expanded_query_count": 0, "fallback_used": false}
{"timestamp": "2026-09-18T19:53:55+0530", "level": "INFO", "logger": "rag_platform.query.service", "message": "query_understanding_selected", "taskName": null, "strategy": "rule", "intent": "policy_lookup", "entity_count": 1, "filter_count": 0, "expanded_query_count": 0, "fallback_used": false}
{"timestamp": "2026-09-18T19:53:55+0530", "level": "INFO", "logger": "rag_platform.query.service", "message": "query_understanding_selected", "taskName": null, "strategy": "rule", "intent": "policy_lookup", "entity_count": 1, "filter_count": 0, "expanded_query_count": 0, "fallback_used": false}
{"timestamp": "2026-09-18T19:59:03+0530", "level": "INFO", "logger": "rag_platform.query.service", "message": "query_understanding_selected", "taskName": null, "strategy": "rule", "intent": "policy_lookup", "entity_count": 1, "filter_count": 0, "expanded_query_count": 0, "fallback_used": false}
{"timestamp": "2026-09-18T19:59:03+0530", "level": "INFO", "logger": "rag_platform.query.service", "message": "query_understanding_selected", "taskName": null, "strategy": "rule", "intent": "policy_lookup", "entity_count": 1, "filter_count": 0, "expanded_query_count": 0, "fallback_used": false}
{"timestamp": "2026-09-18T20:01:19+0530", "level": "INFO", "logger": "rag_platform.query.service", "message": "query_understanding_selected", "taskName": null, "strategy": "rule", "intent": "policy_lookup", "entity_count": 0, "filter_count": 0, "expanded_query_count": 0, "fallback_used": true}
{"timestamp": "2026-09-18T22:46:46+0530", "level": "INFO", "logger": "rag_platform.query.service", "message": "query_understanding_selected", "taskName": null, "strategy": "rule", "intent": "policy_lookup", "entity_count": 1, "filter_count": 0, "expanded_query_count": 0, "fallback_used": false}
{"timestamp": "2026-09-18T22:46:46+0530", "level": "INFO", "logger": "rag_platform.query.service", "message": "query_understanding_selected", "taskName": null, "strategy": "rule", "intent": "policy_lookup", "entity_count": 1, "filter_count": 0, "expanded_query_count": 0, "fallback_used": false}
{"timestamp": "2026-09-18T22:49:55+0530", "level": "INFO", "logger": "rag_platform.query.service", "message": "query_understanding_selected", "taskName": null, "strategy": "rule", "intent": "policy_lookup", "entity_count": 1, "filter_count": 0, "expanded_query_count": 0, "fallback_used": false}
{"timestamp": "2026-09-18T22:49:55+0530", "level": "INFO", "logger": "rag_platform.query.service", "message": "query_understanding_selected", "taskName": null, "strategy": "rule", "intent": "policy_lookup", "entity_count": 1, "filter_count": 0, "expanded_query_count": 0, "fallback_used": false}
{"timestamp": "2026-09-18T23:17:57+0530", "level": "INFO", "logger": "rag_platform.query.service", "message": "query_understanding_selected", "taskName": null, "strategy": "rule", "intent": "policy_lookup", "entity_count": 1, "filter_count": 0, "expanded_query_count": 0, "fallback_used": false}
{"timestamp": "2026-09-18T23:17:57+0530", "level": "INFO", "logger": "rag_platform.query.service", "message": "query_understanding_selected", "taskName": null, "strategy": "rule", "intent": "policy_lookup", "entity_count": 1, "filter_count": 0, "expanded_query_count": 0, "fallback_used": false}
{"timestamp": "2026-09-18T23:51:13+0530", "level": "INFO", "logger": "rag_platform.query.service", "message": "query_understanding_selected", "taskName": null, "strategy": "rule", "intent": "policy_lookup", "entity_count": 1, "filter_count": 0, "expanded_query_count": 0, "fallback_used": false}
{"timestamp": "2026-09-18T23:51:13+0530", "level": "INFO", "logger": "rag_platform.query.service", "message": "query_understanding_selected", "taskName": null, "strategy": "rule", "intent": "policy_lookup", "entity_count": 1, "filter_count": 0, "expanded_query_count": 0, "fallback_used": false}
{"timestamp": "2026-09-18T23:51:13+0530", "level": "INFO", "logger": "rag_platform.query.service", "message": "context_assembled", "taskName": null, "result_count": 1, "context_chunk_count": 0, "context_token_count": 100}
{"timestamp": "2026-09-18T23:51:13+0530", "level": "INFO", "logger": "rag_platform.query.service", "message": "query_understanding_selected", "taskName": null, "strategy": "rule", "intent": "policy_lookup", "entity_count": 0, "filter_count": 0, "expanded_query_count": 0, "fallback_used": true}
{"timestamp": "2026-09-19T00:09:50+0530", "level": "INFO", "logger": "rag_platform.query.service", "message": "query_understanding_selected", "taskName": null, "strategy": "rule", "intent": "policy_lookup", "entity_count": 1, "filter_count": 0, "expanded_query_count": 0, "fallback_used": false}
{"timestamp": "2026-09-19T00:09:50+0530", "level": "INFO", "logger": "rag_platform.query.service", "message": "query_understanding_selected", "taskName": null, "strategy": "rule", "intent": "policy_lookup", "entity_count": 1, "filter_count": 0, "expanded_query_count": 0, "fallback_used": false}
{"timestamp": "2026-09-19T00:09:50+0530", "level": "INFO", "logger": "rag_platform.query.service", "message": "retrieval_completed", "taskName": null, "candidate_count": 8, "requested_top_k": 2}
{"timestamp": "2026-09-19T00:09:50+0530", "level": "INFO", "logger": "rag_platform.query.service", "message": "reranking_completed", "taskName": null, "candidate_count": 8, "reranked_count": 8, "returned_count": 2}
{"timestamp": "2026-09-19T00:09:50+0530", "level": "INFO", "logger": "rag_platform.query.service", "message": "query_understanding_selected", "taskName": null, "strategy": "rule", "intent": "policy_lookup", "entity_count": 1, "filter_count": 0, "expanded_query_count": 0, "fallback_used": false}
{"timestamp": "2026-09-19T00:09:50+0530", "level": "INFO", "logger": "rag_platform.query.service", "message": "query_understanding_selected", "taskName": null, "strategy": "rule", "intent": "policy_lookup", "entity_count": 1, "filter_count": 0, "expanded_query_count": 0, "fallback_used": false}
{"timestamp": "2026-09-19T00:09:50+0530", "level": "INFO", "logger": "rag_platform.query.service", "message": "retrieval_completed", "taskName": null, "candidate_count": 1, "requested_top_k": 1}
{"timestamp": "2026-09-19T00:09:50+0530", "level": "INFO", "logger": "rag_platform.query.service", "message": "reranking_completed", "taskName": null, "candidate_count": 1, "reranked_count": 1, "returned_count": 1}
{"timestamp": "2026-09-19T00:09:50+0530", "level": "INFO", "logger": "rag_platform.query.service", "message": "context_assembled", "taskName": null, "result_count": 1, "context_chunk_count": 0, "context_token_count": 100}
{"timestamp": "2026-09-19T00:09:50+0530", "level": "INFO", "logger": "rag_platform.query.service", "message": "query_understanding_selected", "taskName": null, "strategy": "rule", "intent": "policy_lookup", "entity_count": 0, "filter_count": 0, "expanded_query_count": 0, "fallback_used": true}
{"timestamp": "2026-09-19T00:09:50+0530", "level": "INFO", "logger": "rag_platform.query.service", "message": "retrieval_completed", "taskName": null, "candidate_count": 0, "requested_top_k": 3}
{"timestamp": "2026-09-19T00:09:50+0530", "level": "INFO", "logger": "rag_platform.query.service", "message": "reranking_completed", "taskName": null, "candidate_count": 0, "reranked_count": 0, "returned_count": 0}
{"timestamp": "2026-09-19T00:09:50+0530", "level": "INFO", "logger": "rag_platform.query.service", "message": "context_assembled", "taskName": null, "result_count": 0, "context_chunk_count": 0, "context_token_count": 0}
{"timestamp": "2026-09-19T00:12:02+0530", "level": "INFO", "logger": "rag_platform.query.service", "message": "query_understanding_selected", "taskName": null, "strategy": "rule", "intent": "policy_lookup", "entity_count": 1, "filter_count": 0, "expanded_query_count": 0, "fallback_used": false}
{"timestamp": "2026-09-19T00:12:02+0530", "level": "INFO", "logger": "rag_platform.query.service", "message": "retrieval_completed", "taskName": null, "candidate_count": 0, "requested_top_k": 3}
{"timestamp": "2026-09-19T00:12:02+0530", "level": "INFO", "logger": "rag_platform.query.service", "message": "reranking_completed", "taskName": null, "candidate_count": 0, "reranked_count": 0, "returned_count": 0}
{"timestamp": "2026-09-19T00:12:02+0530", "level": "INFO", "logger": "rag_platform.query.service", "message": "query_understanding_selected", "taskName": null, "strategy": "rule", "intent": "policy_lookup", "entity_count": 1, "filter_count": 0, "expanded_query_count": 0, "fallback_used": false}
{"timestamp": "2026-09-19T00:12:02+0530", "level": "INFO", "logger": "rag_platform.query.service", "message": "retrieval_completed", "taskName": null, "candidate_count": 8, "requested_top_k": 2}
{"timestamp": "2026-09-19T00:12:02+0530", "level": "INFO", "logger": "rag_platform.query.service", "message": "reranking_completed", "taskName": null, "candidate_count": 8, "reranked_count": 8, "returned_count": 2}
{"timestamp": "2026-09-19T00:12:02+0530", "level": "INFO", "logger": "rag_platform.query.service", "message": "query_understanding_selected", "taskName": null, "strategy": "rule", "intent": "policy_lookup", "entity_count": 1, "filter_count": 0, "expanded_query_count": 0, "fallback_used": false}
{"timestamp": "2026-09-19T00:12:02+0530", "level": "INFO", "logger": "rag_platform.query.service", "message": "retrieval_completed", "taskName": null, "candidate_count": 1, "requested_top_k": 1}
{"timestamp": "2026-09-19T00:12:02+0530", "level": "INFO", "logger": "rag_platform.query.service", "message": "reranking_completed", "taskName": null, "candidate_count": 1, "reranked_count": 1, "returned_count": 1}
{"timestamp": "2026-09-19T00:12:02+0530", "level": "INFO", "logger": "rag_platform.query.service", "message": "context_assembled", "taskName": null, "result_count": 1, "context_chunk_count": 0, "context_token_count": 100}
{"timestamp": "2026-09-19T00:12:02+0530", "level": "INFO", "logger": "rag_platform.query.service", "message": "query_understanding_selected", "taskName": null, "strategy": "rule", "intent": "policy_lookup", "entity_count": 1, "filter_count": 0, "expanded_query_count": 0, "fallback_used": false}
{"timestamp": "2026-09-19T00:12:02+0530", "level": "INFO", "logger": "rag_platform.query.service", "message": "retrieval_completed", "taskName": null, "candidate_count": 1, "requested_top_k": 1}
{"timestamp": "2026-09-19T00:12:02+0530", "level": "INFO", "logger": "rag_platform.query.service", "message": "reranking_completed", "taskName": null, "candidate_count": 1, "reranked_count": 1, "returned_count": 1}
{"timestamp": "2026-09-19T00:12:02+0530", "level": "INFO", "logger": "rag_platform.query.service", "message": "context_assembled", "taskName": null, "result_count": 1, "context_chunk_count": 0, "context_token_count": 100}
{"timestamp": "2026-09-19T00:12:02+0530", "level": "INFO", "logger": "rag_platform.query.service", "message": "query_understanding_selected", "taskName": null, "strategy": "rule", "intent": "policy_lookup", "entity_count": 0, "filter_count": 0, "expanded_query_count": 0, "fallback_used": true}
{"timestamp": "2026-09-19T00:12:02+0530", "level": "INFO", "logger": "rag_platform.query.service", "message": "retrieval_completed", "taskName": null, "candidate_count": 0, "requested_top_k": 3}
{"timestamp": "2026-09-19T00:12:02+0530", "level": "INFO", "logger": "rag_platform.query.service", "message": "reranking_completed", "taskName": null, "candidate_count": 0, "reranked_count": 0, "returned_count": 0}
{"timestamp": "2026-09-19T00:12:02+0530", "level": "INFO", "logger": "rag_platform.query.service", "message": "context_assembled", "taskName": null, "result_count": 0, "context_chunk_count": 0, "context_token_count": 0}
{"timestamp": "2026-09-19T00:18:54+0530", "level": "INFO", "logger": "rag_platform.query.service", "message": "query_understanding_selected", "taskName": null, "strategy": "rule", "intent": "policy_lookup", "entity_count": 1, "filter_count": 0, "expanded_query_count": 0, "fallback_used": false}
{"timestamp": "2026-09-19T00:18:54+0530", "level": "INFO", "logger": "rag_platform.query.service", "message": "retrieval_completed", "taskName": null, "candidate_count": 0, "requested_top_k": 3}
{"timestamp": "2026-09-19T00:18:54+0530", "level": "INFO", "logger": "rag_platform.query.service", "message": "reranking_completed", "taskName": null, "candidate_count": 0, "reranked_count": 0, "returned_count": 0}
{"timestamp": "2026-09-19T00:18:54+0530", "level": "INFO", "logger": "rag_platform.query.service", "message": "query_understanding_selected", "taskName": null, "strategy": "rule", "intent": "policy_lookup", "entity_count": 1, "filter_count": 0, "expanded_query_count": 0, "fallback_used": false}
{"timestamp": "2026-09-19T00:18:54+0530", "level": "INFO", "logger": "rag_platform.query.service", "message": "retrieval_completed", "taskName": null, "candidate_count": 8, "requested_top_k": 2}
{"timestamp": "2026-09-19T00:18:54+0530", "level": "INFO", "logger": "rag_platform.query.service", "message": "reranking_completed", "taskName": null, "candidate_count": 8, "reranked_count": 8, "returned_count": 2}
{"timestamp": "2026-09-19T00:18:54+0530", "level": "INFO", "logger": "rag_platform.query.service", "message": "query_understanding_selected", "taskName": null, "strategy": "rule", "intent": "policy_lookup", "entity_count": 1, "filter_count": 0, "expanded_query_count": 0, "fallback_used": false}
{"timestamp": "2026-09-19T00:18:54+0530", "level": "INFO", "logger": "rag_platform.query.service", "message": "retrieval_completed", "taskName": null, "candidate_count": 1, "requested_top_k": 1}
{"timestamp": "2026-09-19T00:18:54+0530", "level": "INFO", "logger": "rag_platform.query.service", "message": "reranking_completed", "taskName": null, "candidate_count": 1, "reranked_count": 1, "returned_count": 1}
{"timestamp": "2026-09-19T00:18:54+0530", "level": "INFO", "logger": "rag_platform.query.service", "message": "context_assembled", "taskName": null, "result_count": 1, "context_chunk_count": 0, "context_token_count": 100}
{"timestamp": "2026-09-19T00:18:54+0530", "level": "INFO", "logger": "rag_platform.query.service", "message": "query_understanding_selected", "taskName": null, "strategy": "rule", "intent": "policy_lookup", "entity_count": 1, "filter_count": 0, "expanded_query_count": 0, "fallback_used": false}
{"timestamp": "2026-09-19T00:18:54+0530", "level": "INFO", "logger": "rag_platform.query.service", "message": "retrieval_completed", "taskName": null, "candidate_count": 1, "requested_top_k": 1}
{"timestamp": "2026-09-19T00:18:54+0530", "level": "INFO", "logger": "rag_platform.query.service", "message": "reranking_completed", "taskName": null, "candidate_count": 1, "reranked_count": 1, "returned_count": 1}
{"timestamp": "2026-09-19T00:18:54+0530", "level": "INFO", "logger": "rag_platform.query.service", "message": "context_assembled", "taskName": null, "result_count": 1, "context_chunk_count": 0, "context_token_count": 100}
{"timestamp": "2026-09-19T00:18:54+0530", "level": "INFO", "logger": "rag_platform.query.service", "message": "query_understanding_selected", "taskName": null, "strategy": "rule", "intent": "policy_lookup", "entity_count": 0, "filter_count": 0, "expanded_query_count": 0, "fallback_used": true}
{"timestamp": "2026-09-19T00:18:54+0530", "level": "INFO", "logger": "rag_platform.query.service", "message": "retrieval_completed", "taskName": null, "candidate_count": 0, "requested_top_k": 3}
{"timestamp": "2026-09-19T00:18:54+0530", "level": "INFO", "logger": "rag_platform.query.service", "message": "reranking_completed", "taskName": null, "candidate_count": 0, "reranked_count": 0, "returned_count": 0}
{"timestamp": "2026-09-19T00:18:54+0530", "level": "INFO", "logger": "rag_platform.query.service", "message": "context_assembled", "taskName": null, "result_count": 0, "context_chunk_count": 0, "context_token_count": 0}
{"timestamp": "2026-09-19T00:30:20+0530", "level": "INFO", "logger": "rag_platform.query.service", "message": "query_understanding_selected", "taskName": null, "strategy": "rule", "intent": "policy_lookup", "entity_count": 0, "filter_count": 0, "expanded_query_count": 0, "fallback_used": true}
{"timestamp": "2026-09-19T00:30:20+0530", "level": "INFO", "logger": "rag_platform.query.service", "message": "retrieval_completed", "taskName": null, "candidate_count": 20, "requested_top_k": 5}
{"timestamp": "2026-09-19T00:30:20+0530", "level": "INFO", "logger": "rag_platform.query.service", "message": "reranking_completed", "taskName": null, "candidate_count": 20, "reranked_count": 20, "returned_count": 5}
{"timestamp": "2026-09-19T00:30:20+0530", "level": "INFO", "logger": "rag_platform.query.service", "message": "context_assembled", "taskName": null, "result_count": 5, "context_chunk_count": 5, "context_token_count": 762}
{"timestamp": "2026-09-19T00:30:40+0530", "level": "INFO", "logger": "rag_platform.query.service", "message": "query_understanding_selected", "taskName": null, "strategy": "rule", "intent": "policy_lookup", "entity_count": 0, "filter_count": 0, "expanded_query_count": 0, "fallback_used": true}
{"timestamp": "2026-09-19T00:30:40+0530", "level": "INFO", "logger": "rag_platform.query.service", "message": "retrieval_completed", "taskName": null, "candidate_count": 20, "requested_top_k": 5}
{"timestamp": "2026-09-19T00:30:40+0530", "level": "INFO", "logger": "rag_platform.query.service", "message": "reranking_completed", "taskName": null, "candidate_count": 20, "reranked_count": 20, "returned_count": 5}
{"timestamp": "2026-09-19T00:30:40+0530", "level": "INFO", "logger": "rag_platform.query.service", "message": "context_assembled", "taskName": null, "result_count": 5, "context_chunk_count": 5, "context_token_count": 762}
{"timestamp": "2026-09-19T00:30:55+0530", "level": "INFO", "logger": "rag_platform.query.service", "message": "query_understanding_selected", "taskName": null, "strategy": "rule", "intent": "policy_lookup", "entity_count": 0, "filter_count": 0, "expanded_query_count": 0, "fallback_used": true}
{"timestamp": "2026-09-19T00:30:55+0530", "level": "INFO", "logger": "rag_platform.query.service", "message": "retrieval_completed", "taskName": null, "candidate_count": 20, "requested_top_k": 5}
{"timestamp": "2026-09-19T00:30:55+0530", "level": "INFO", "logger": "rag_platform.query.service", "message": "reranking_completed", "taskName": null, "candidate_count": 20, "reranked_count": 20, "returned_count": 5}
{"timestamp": "2026-09-19T00:30:55+0530", "level": "INFO", "logger": "rag_platform.query.service", "message": "context_assembled", "taskName": null, "result_count": 5, "context_chunk_count": 5, "context_token_count": 762}
{"timestamp": "2026-09-19T00:32:16+0530", "level": "INFO", "logger": "rag_platform.query.service", "message": "query_understanding_selected", "taskName": null, "strategy": "rule", "intent": "policy_lookup", "entity_count": 0, "filter_count": 0, "expanded_query_count": 0, "fallback_used": true}
{"timestamp": "2026-09-19T00:32:16+0530", "level": "INFO", "logger": "rag_platform.query.service", "message": "retrieval_completed", "taskName": null, "candidate_count": 20, "requested_top_k": 5}
{"timestamp": "2026-09-19T00:32:16+0530", "level": "INFO", "logger": "rag_platform.query.service", "message": "reranking_completed", "taskName": null, "candidate_count": 20, "reranked_count": 20, "returned_count": 5}
{"timestamp": "2026-09-19T00:32:16+0530", "level": "INFO", "logger": "rag_platform.query.service", "message": "context_assembled", "taskName": null, "result_count": 5, "context_chunk_count": 5, "context_token_count": 762}
